// Jest Snapshot v1, https://goo.gl/fbAQLP

exports[`should render the AddActivityPage 1`] = `
<div
  className="container"
>
  <h1>
    Add a Activity
  </h1>
  <ActivityForm
    onSubmit={[Function]}
  />
</div>
`;
