// Jest Snapshot v1, https://goo.gl/fbAQLP

exports[`should render the not found page 1`] = `
<div>
  <h1>
    Oops!
  </h1>
  <p>
    Looks like you didn't take that left turn in Albequerque!
  </p>
  <p>
    <Link
      replace={false}
      to="/"
    >
      Homepage
    </Link>
  </p>
</div>
`;
