// Jest Snapshot v1, https://goo.gl/fbAQLP

exports[`should render error for invalid form submission 1`] = `
<div
  className="player-form"
>
  <form
    onSubmit={[Function]}
  >
    <label>
      Name
    </label>
    <br />
    <input
      autoFocus={true}
      onChange={[Function]}
      placeholder="Name"
      type="text"
      value=""
    />
    <label>
      Sport
    </label>
    <br />
    <select
      onChange={[Function]}
      value="hockey"
    >
      <option
        value="hockey"
      >
        Hockey
      </option>
      <option
        value="baseball"
      >
        Baseball
      </option>
      <option
        value="softball"
      >
        Softball
      </option>
      <option
        value="basketball"
      >
        Basketball
      </option>
    </select>
    <label>
      Gender
    </label>
    <br />
    <select
      onChange={[Function]}
      value="Male"
    >
      <option
        value="Male"
      >
        Male
      </option>
      <option
        value="Female"
      >
        Female
      </option>
    </select>
    <label>
      Skill Level
    </label>
    <br />
    <select
      onChange={[Function]}
      value="basic"
    >
      <option
        value="basic"
      >
        Basic
      </option>
      <option
        value="intermediate"
      >
        Intermediate
      </option>
      <option
        value="expert"
      >
        Expert
      </option>
    </select>
    <label>
      Message
    </label>
    <br />
    <textarea
      onChange={[Function]}
      placeholder="Message"
      value=""
    />
    <button
      className="button pull-right"
    >
      Submit
    </button>
  </form>
</div>
`;

exports[`should render error for invalid form submission 2`] = `
<div
  className="player-form"
>
  <p>
    Please enter a name first.
  </p>
  <form
    onSubmit={[Function]}
  >
    <label>
      Name
    </label>
    <br />
    <input
      autoFocus={true}
      onChange={[Function]}
      placeholder="Name"
      type="text"
      value=""
    />
    <label>
      Sport
    </label>
    <br />
    <select
      onChange={[Function]}
      value="hockey"
    >
      <option
        value="hockey"
      >
        Hockey
      </option>
      <option
        value="baseball"
      >
        Baseball
      </option>
      <option
        value="softball"
      >
        Softball
      </option>
      <option
        value="basketball"
      >
        Basketball
      </option>
    </select>
    <label>
      Gender
    </label>
    <br />
    <select
      onChange={[Function]}
      value="Male"
    >
      <option
        value="Male"
      >
        Male
      </option>
      <option
        value="Female"
      >
        Female
      </option>
    </select>
    <label>
      Skill Level
    </label>
    <br />
    <select
      onChange={[Function]}
      value="basic"
    >
      <option
        value="basic"
      >
        Basic
      </option>
      <option
        value="intermediate"
      >
        Intermediate
      </option>
      <option
        value="expert"
      >
        Expert
      </option>
    </select>
    <label>
      Message
    </label>
    <br />
    <textarea
      onChange={[Function]}
      placeholder="Message"
      value=""
    />
    <button
      className="button pull-right"
    >
      Submit
    </button>
  </form>
</div>
`;

exports[`should render the player form 1`] = `
<div
  className="player-form"
>
  <form
    onSubmit={[Function]}
  >
    <label>
      Name
    </label>
    <br />
    <input
      autoFocus={true}
      onChange={[Function]}
      placeholder="Name"
      type="text"
      value=""
    />
    <label>
      Sport
    </label>
    <br />
    <select
      onChange={[Function]}
      value="hockey"
    >
      <option
        value="hockey"
      >
        Hockey
      </option>
      <option
        value="baseball"
      >
        Baseball
      </option>
      <option
        value="softball"
      >
        Softball
      </option>
      <option
        value="basketball"
      >
        Basketball
      </option>
    </select>
    <label>
      Gender
    </label>
    <br />
    <select
      onChange={[Function]}
      value="Male"
    >
      <option
        value="Male"
      >
        Male
      </option>
      <option
        value="Female"
      >
        Female
      </option>
    </select>
    <label>
      Skill Level
    </label>
    <br />
    <select
      onChange={[Function]}
      value="basic"
    >
      <option
        value="basic"
      >
        Basic
      </option>
      <option
        value="intermediate"
      >
        Intermediate
      </option>
      <option
        value="expert"
      >
        Expert
      </option>
    </select>
    <label>
      Message
    </label>
    <br />
    <textarea
      onChange={[Function]}
      placeholder="Message"
      value=""
    />
    <button
      className="button pull-right"
    >
      Submit
    </button>
  </form>
</div>
`;

exports[`should render the player form with data 1`] = `
<div
  className="player-form"
>
  <form
    onSubmit={[Function]}
  >
    <label>
      Name
    </label>
    <br />
    <input
      autoFocus={true}
      onChange={[Function]}
      placeholder="Name"
      type="text"
      value="Sidney Crosby"
    />
    <label>
      Sport
    </label>
    <br />
    <select
      onChange={[Function]}
      value="hockey"
    >
      <option
        value="hockey"
      >
        Hockey
      </option>
      <option
        value="baseball"
      >
        Baseball
      </option>
      <option
        value="softball"
      >
        Softball
      </option>
      <option
        value="basketball"
      >
        Basketball
      </option>
    </select>
    <label>
      Gender
    </label>
    <br />
    <select
      onChange={[Function]}
      value="Male"
    >
      <option
        value="Male"
      >
        Male
      </option>
      <option
        value="Female"
      >
        Female
      </option>
    </select>
    <label>
      Skill Level
    </label>
    <br />
    <select
      onChange={[Function]}
      value="expert"
    >
      <option
        value="basic"
      >
        Basic
      </option>
      <option
        value="intermediate"
      >
        Intermediate
      </option>
      <option
        value="expert"
      >
        Expert
      </option>
    </select>
    <label>
      Message
    </label>
    <br />
    <textarea
      onChange={[Function]}
      placeholder="Message"
      value="Just looking to play"
    />
    <button
      className="button pull-right"
    >
      Submit
    </button>
  </form>
</div>
`;

exports[`should set gender on select change 1`] = `
<div
  className="player-form"
>
  <form
    onSubmit={[Function]}
  >
    <label>
      Name
    </label>
    <br />
    <input
      autoFocus={true}
      onChange={[Function]}
      placeholder="Name"
      type="text"
      value=""
    />
    <label>
      Sport
    </label>
    <br />
    <select
      onChange={[Function]}
      value="hockey"
    >
      <option
        value="hockey"
      >
        Hockey
      </option>
      <option
        value="baseball"
      >
        Baseball
      </option>
      <option
        value="softball"
      >
        Softball
      </option>
      <option
        value="basketball"
      >
        Basketball
      </option>
    </select>
    <label>
      Gender
    </label>
    <br />
    <select
      onChange={[Function]}
      value="Male"
    >
      <option
        value="Male"
      >
        Male
      </option>
      <option
        value="Female"
      >
        Female
      </option>
    </select>
    <label>
      Skill Level
    </label>
    <br />
    <select
      onChange={[Function]}
      value="basic"
    >
      <option
        value="basic"
      >
        Basic
      </option>
      <option
        value="intermediate"
      >
        Intermediate
      </option>
      <option
        value="expert"
      >
        Expert
      </option>
    </select>
    <label>
      Message
    </label>
    <br />
    <textarea
      onChange={[Function]}
      placeholder="Message"
      value=""
    />
    <button
      className="button pull-right"
    >
      Submit
    </button>
  </form>
</div>
`;

exports[`should set gender on select change 2`] = `
<div
  className="player-form"
>
  <form
    onSubmit={[Function]}
  >
    <label>
      Name
    </label>
    <br />
    <input
      autoFocus={true}
      onChange={[Function]}
      placeholder="Name"
      type="text"
      value=""
    />
    <label>
      Sport
    </label>
    <br />
    <select
      onChange={[Function]}
      value="hockey"
    >
      <option
        value="hockey"
      >
        Hockey
      </option>
      <option
        value="baseball"
      >
        Baseball
      </option>
      <option
        value="softball"
      >
        Softball
      </option>
      <option
        value="basketball"
      >
        Basketball
      </option>
    </select>
    <label>
      Gender
    </label>
    <br />
    <select
      onChange={[Function]}
      value="Female"
    >
      <option
        value="Male"
      >
        Male
      </option>
      <option
        value="Female"
      >
        Female
      </option>
    </select>
    <label>
      Skill Level
    </label>
    <br />
    <select
      onChange={[Function]}
      value="basic"
    >
      <option
        value="basic"
      >
        Basic
      </option>
      <option
        value="intermediate"
      >
        Intermediate
      </option>
      <option
        value="expert"
      >
        Expert
      </option>
    </select>
    <label>
      Message
    </label>
    <br />
    <textarea
      onChange={[Function]}
      placeholder="Message"
      value=""
    />
    <button
      className="button pull-right"
    >
      Submit
    </button>
  </form>
</div>
`;

exports[`should set name on input change 1`] = `
<div
  className="player-form"
>
  <form
    onSubmit={[Function]}
  >
    <label>
      Name
    </label>
    <br />
    <input
      autoFocus={true}
      onChange={[Function]}
      placeholder="Name"
      type="text"
      value=""
    />
    <label>
      Sport
    </label>
    <br />
    <select
      onChange={[Function]}
      value="hockey"
    >
      <option
        value="hockey"
      >
        Hockey
      </option>
      <option
        value="baseball"
      >
        Baseball
      </option>
      <option
        value="softball"
      >
        Softball
      </option>
      <option
        value="basketball"
      >
        Basketball
      </option>
    </select>
    <label>
      Gender
    </label>
    <br />
    <select
      onChange={[Function]}
      value="Male"
    >
      <option
        value="Male"
      >
        Male
      </option>
      <option
        value="Female"
      >
        Female
      </option>
    </select>
    <label>
      Skill Level
    </label>
    <br />
    <select
      onChange={[Function]}
      value="basic"
    >
      <option
        value="basic"
      >
        Basic
      </option>
      <option
        value="intermediate"
      >
        Intermediate
      </option>
      <option
        value="expert"
      >
        Expert
      </option>
    </select>
    <label>
      Message
    </label>
    <br />
    <textarea
      onChange={[Function]}
      placeholder="Message"
      value=""
    />
    <button
      className="button pull-right"
    >
      Submit
    </button>
  </form>
</div>
`;

exports[`should set name on input change 2`] = `
<div
  className="player-form"
>
  <form
    onSubmit={[Function]}
  >
    <label>
      Name
    </label>
    <br />
    <input
      autoFocus={true}
      onChange={[Function]}
      placeholder="Name"
      type="text"
      value="Sidney Crosby"
    />
    <label>
      Sport
    </label>
    <br />
    <select
      onChange={[Function]}
      value="hockey"
    >
      <option
        value="hockey"
      >
        Hockey
      </option>
      <option
        value="baseball"
      >
        Baseball
      </option>
      <option
        value="softball"
      >
        Softball
      </option>
      <option
        value="basketball"
      >
        Basketball
      </option>
    </select>
    <label>
      Gender
    </label>
    <br />
    <select
      onChange={[Function]}
      value="Male"
    >
      <option
        value="Male"
      >
        Male
      </option>
      <option
        value="Female"
      >
        Female
      </option>
    </select>
    <label>
      Skill Level
    </label>
    <br />
    <select
      onChange={[Function]}
      value="basic"
    >
      <option
        value="basic"
      >
        Basic
      </option>
      <option
        value="intermediate"
      >
        Intermediate
      </option>
      <option
        value="expert"
      >
        Expert
      </option>
    </select>
    <label>
      Message
    </label>
    <br />
    <textarea
      onChange={[Function]}
      placeholder="Message"
      value=""
    />
    <button
      className="button pull-right"
    >
      Submit
    </button>
  </form>
</div>
`;

exports[`should set skill level on select change 1`] = `
<div
  className="player-form"
>
  <form
    onSubmit={[Function]}
  >
    <label>
      Name
    </label>
    <br />
    <input
      autoFocus={true}
      onChange={[Function]}
      placeholder="Name"
      type="text"
      value=""
    />
    <label>
      Sport
    </label>
    <br />
    <select
      onChange={[Function]}
      value="hockey"
    >
      <option
        value="hockey"
      >
        Hockey
      </option>
      <option
        value="baseball"
      >
        Baseball
      </option>
      <option
        value="softball"
      >
        Softball
      </option>
      <option
        value="basketball"
      >
        Basketball
      </option>
    </select>
    <label>
      Gender
    </label>
    <br />
    <select
      onChange={[Function]}
      value="Male"
    >
      <option
        value="Male"
      >
        Male
      </option>
      <option
        value="Female"
      >
        Female
      </option>
    </select>
    <label>
      Skill Level
    </label>
    <br />
    <select
      onChange={[Function]}
      value="basic"
    >
      <option
        value="basic"
      >
        Basic
      </option>
      <option
        value="intermediate"
      >
        Intermediate
      </option>
      <option
        value="expert"
      >
        Expert
      </option>
    </select>
    <label>
      Message
    </label>
    <br />
    <textarea
      onChange={[Function]}
      placeholder="Message"
      value=""
    />
    <button
      className="button pull-right"
    >
      Submit
    </button>
  </form>
</div>
`;

exports[`should set skill level on select change 2`] = `
<div
  className="player-form"
>
  <form
    onSubmit={[Function]}
  >
    <label>
      Name
    </label>
    <br />
    <input
      autoFocus={true}
      onChange={[Function]}
      placeholder="Name"
      type="text"
      value=""
    />
    <label>
      Sport
    </label>
    <br />
    <select
      onChange={[Function]}
      value="hockey"
    >
      <option
        value="hockey"
      >
        Hockey
      </option>
      <option
        value="baseball"
      >
        Baseball
      </option>
      <option
        value="softball"
      >
        Softball
      </option>
      <option
        value="basketball"
      >
        Basketball
      </option>
    </select>
    <label>
      Gender
    </label>
    <br />
    <select
      onChange={[Function]}
      value="Male"
    >
      <option
        value="Male"
      >
        Male
      </option>
      <option
        value="Female"
      >
        Female
      </option>
    </select>
    <label>
      Skill Level
    </label>
    <br />
    <select
      onChange={[Function]}
      value="expert"
    >
      <option
        value="basic"
      >
        Basic
      </option>
      <option
        value="intermediate"
      >
        Intermediate
      </option>
      <option
        value="expert"
      >
        Expert
      </option>
    </select>
    <label>
      Message
    </label>
    <br />
    <textarea
      onChange={[Function]}
      placeholder="Message"
      value=""
    />
    <button
      className="button pull-right"
    >
      Submit
    </button>
  </form>
</div>
`;

exports[`should set sport type on select change 1`] = `
<div
  className="player-form"
>
  <form
    onSubmit={[Function]}
  >
    <label>
      Name
    </label>
    <br />
    <input
      autoFocus={true}
      onChange={[Function]}
      placeholder="Name"
      type="text"
      value=""
    />
    <label>
      Sport
    </label>
    <br />
    <select
      onChange={[Function]}
      value="hockey"
    >
      <option
        value="hockey"
      >
        Hockey
      </option>
      <option
        value="baseball"
      >
        Baseball
      </option>
      <option
        value="softball"
      >
        Softball
      </option>
      <option
        value="basketball"
      >
        Basketball
      </option>
    </select>
    <label>
      Gender
    </label>
    <br />
    <select
      onChange={[Function]}
      value="Male"
    >
      <option
        value="Male"
      >
        Male
      </option>
      <option
        value="Female"
      >
        Female
      </option>
    </select>
    <label>
      Skill Level
    </label>
    <br />
    <select
      onChange={[Function]}
      value="basic"
    >
      <option
        value="basic"
      >
        Basic
      </option>
      <option
        value="intermediate"
      >
        Intermediate
      </option>
      <option
        value="expert"
      >
        Expert
      </option>
    </select>
    <label>
      Message
    </label>
    <br />
    <textarea
      onChange={[Function]}
      placeholder="Message"
      value=""
    />
    <button
      className="button pull-right"
    >
      Submit
    </button>
  </form>
</div>
`;

exports[`should set sport type on select change 2`] = `
<div
  className="player-form"
>
  <form
    onSubmit={[Function]}
  >
    <label>
      Name
    </label>
    <br />
    <input
      autoFocus={true}
      onChange={[Function]}
      placeholder="Name"
      type="text"
      value=""
    />
    <label>
      Sport
    </label>
    <br />
    <select
      onChange={[Function]}
      value="baseball"
    >
      <option
        value="hockey"
      >
        Hockey
      </option>
      <option
        value="baseball"
      >
        Baseball
      </option>
      <option
        value="softball"
      >
        Softball
      </option>
      <option
        value="basketball"
      >
        Basketball
      </option>
    </select>
    <label>
      Gender
    </label>
    <br />
    <select
      onChange={[Function]}
      value="Male"
    >
      <option
        value="Male"
      >
        Male
      </option>
      <option
        value="Female"
      >
        Female
      </option>
    </select>
    <label>
      Skill Level
    </label>
    <br />
    <select
      onChange={[Function]}
      value="basic"
    >
      <option
        value="basic"
      >
        Basic
      </option>
      <option
        value="intermediate"
      >
        Intermediate
      </option>
      <option
        value="expert"
      >
        Expert
      </option>
    </select>
    <label>
      Message
    </label>
    <br />
    <textarea
      onChange={[Function]}
      placeholder="Message"
      value=""
    />
    <button
      className="button pull-right"
    >
      Submit
    </button>
  </form>
</div>
`;
